Analysis & Synthesis report for Cross_correlation
Sun Jun 21 15:15:08 2020
Quartus Prime Version 19.1.0 Build 670 09/22/2019 SJ Lite Edition


---------------------
; Table of Contents ;
---------------------
  1. Legal Notice
  2. Analysis & Synthesis Summary
  3. Analysis & Synthesis Settings
  4. Parallel Compilation
  5. Analysis & Synthesis Source Files Read
  6. Analysis & Synthesis Resource Usage Summary
  7. Analysis & Synthesis Resource Utilization by Entity
  8. Registers Removed During Synthesis
  9. General Register Statistics
 10. Inverted Register Statistics
 11. Post-Synthesis Netlist Statistics for Top Partition
 12. Elapsed Time Per Partition
 13. Analysis & Synthesis Messages
 14. Analysis & Synthesis Suppressed Messages



----------------
; Legal Notice ;
----------------
Copyright (C) 2019  Intel Corporation. All rights reserved.
Your use of Intel Corporation's design tools, logic functions 
and other software and tools, and any partner logic 
functions, and any output files from any of the foregoing 
(including device programming or simulation files), and any 
associated documentation or information are expressly subject 
to the terms and conditions of the Intel Program License 
Subscription Agreement, the Intel Quartus Prime License Agreement,
the Intel FPGA IP License Agreement, or other applicable license
agreement, including, without limitation, that your use is for
the sole purpose of programming logic devices manufactured by
Intel and sold by Intel or its authorized distributors.  Please
refer to the applicable agreement for further details, at
https://fpgasoftware.intel.com/eula.



+----------------------------------------------------------------------------------+
; Analysis & Synthesis Summary                                                     ;
+------------------------------------+---------------------------------------------+
; Analysis & Synthesis Status        ; Successful - Sun Jun 21 15:15:08 2020       ;
; Quartus Prime Version              ; 19.1.0 Build 670 09/22/2019 SJ Lite Edition ;
; Revision Name                      ; Cross_correlation                           ;
; Top-level Entity Name              ; Cross_correlation                           ;
; Family                             ; Cyclone IV E                                ;
; Total logic elements               ; 122                                         ;
;     Total combinational functions  ; 110                                         ;
;     Dedicated logic registers      ; 55                                          ;
; Total registers                    ; 55                                          ;
; Total pins                         ; 38                                          ;
; Total virtual pins                 ; 0                                           ;
; Total memory bits                  ; 0                                           ;
; Embedded Multiplier 9-bit elements ; 0                                           ;
; Total PLLs                         ; 0                                           ;
+------------------------------------+---------------------------------------------+


+------------------------------------------------------------------------------------------------------------+
; Analysis & Synthesis Settings                                                                              ;
+------------------------------------------------------------------+--------------------+--------------------+
; Option                                                           ; Setting            ; Default Value      ;
+------------------------------------------------------------------+--------------------+--------------------+
; Device                                                           ; EP4CE22F17C6       ;                    ;
; Top-level entity name                                            ; Cross_correlation  ; Cross_correlation  ;
; Family name                                                      ; Cyclone IV E       ; Cyclone V          ;
; Use smart compilation                                            ; Off                ; Off                ;
; Enable parallel Assembler and Timing Analyzer during compilation ; On                 ; On                 ;
; Enable compact report table                                      ; Off                ; Off                ;
; Restructure Multiplexers                                         ; Auto               ; Auto               ;
; Create Debugging Nodes for IP Cores                              ; Off                ; Off                ;
; Preserve fewer node names                                        ; On                 ; On                 ;
; Intel FPGA IP Evaluation Mode                                    ; Enable             ; Enable             ;
; Verilog Version                                                  ; Verilog_2001       ; Verilog_2001       ;
; VHDL Version                                                     ; VHDL_1993          ; VHDL_1993          ;
; State Machine Processing                                         ; Auto               ; Auto               ;
; Safe State Machine                                               ; Off                ; Off                ;
; Extract Verilog State Machines                                   ; On                 ; On                 ;
; Extract VHDL State Machines                                      ; On                 ; On                 ;
; Ignore Verilog initial constructs                                ; Off                ; Off                ;
; Iteration limit for constant Verilog loops                       ; 5000               ; 5000               ;
; Iteration limit for non-constant Verilog loops                   ; 250                ; 250                ;
; Add Pass-Through Logic to Inferred RAMs                          ; On                 ; On                 ;
; Infer RAMs from Raw Logic                                        ; On                 ; On                 ;
; Parallel Synthesis                                               ; On                 ; On                 ;
; DSP Block Balancing                                              ; Auto               ; Auto               ;
; NOT Gate Push-Back                                               ; On                 ; On                 ;
; Power-Up Don't Care                                              ; On                 ; On                 ;
; Remove Redundant Logic Cells                                     ; Off                ; Off                ;
; Remove Duplicate Registers                                       ; On                 ; On                 ;
; Ignore CARRY Buffers                                             ; Off                ; Off                ;
; Ignore CASCADE Buffers                                           ; Off                ; Off                ;
; Ignore GLOBAL Buffers                                            ; Off                ; Off                ;
; Ignore ROW GLOBAL Buffers                                        ; Off                ; Off                ;
; Ignore LCELL Buffers                                             ; Off                ; Off                ;
; Ignore SOFT Buffers                                              ; On                 ; On                 ;
; Limit AHDL Integers to 32 Bits                                   ; Off                ; Off                ;
; Optimization Technique                                           ; Balanced           ; Balanced           ;
; Carry Chain Length                                               ; 70                 ; 70                 ;
; Auto Carry Chains                                                ; On                 ; On                 ;
; Auto Open-Drain Pins                                             ; On                 ; On                 ;
; Perform WYSIWYG Primitive Resynthesis                            ; Off                ; Off                ;
; Auto ROM Replacement                                             ; On                 ; On                 ;
; Auto RAM Replacement                                             ; On                 ; On                 ;
; Auto DSP Block Replacement                                       ; On                 ; On                 ;
; Auto Shift Register Replacement                                  ; Auto               ; Auto               ;
; Allow Shift Register Merging across Hierarchies                  ; Auto               ; Auto               ;
; Auto Clock Enable Replacement                                    ; On                 ; On                 ;
; Strict RAM Replacement                                           ; Off                ; Off                ;
; Allow Synchronous Control Signals                                ; On                 ; On                 ;
; Force Use of Synchronous Clear Signals                           ; Off                ; Off                ;
; Auto RAM Block Balancing                                         ; On                 ; On                 ;
; Auto RAM to Logic Cell Conversion                                ; Off                ; Off                ;
; Auto Resource Sharing                                            ; Off                ; Off                ;
; Allow Any RAM Size For Recognition                               ; Off                ; Off                ;
; Allow Any ROM Size For Recognition                               ; Off                ; Off                ;
; Allow Any Shift Register Size For Recognition                    ; Off                ; Off                ;
; Use LogicLock Constraints during Resource Balancing              ; On                 ; On                 ;
; Ignore translate_off and synthesis_off directives                ; Off                ; Off                ;
; Timing-Driven Synthesis                                          ; On                 ; On                 ;
; Report Parameter Settings                                        ; On                 ; On                 ;
; Report Source Assignments                                        ; On                 ; On                 ;
; Report Connectivity Checks                                       ; On                 ; On                 ;
; Ignore Maximum Fan-Out Assignments                               ; Off                ; Off                ;
; Synchronization Register Chain Length                            ; 2                  ; 2                  ;
; Power Optimization During Synthesis                              ; Normal compilation ; Normal compilation ;
; HDL message level                                                ; Level2             ; Level2             ;
; Suppress Register Optimization Related Messages                  ; Off                ; Off                ;
; Number of Removed Registers Reported in Synthesis Report         ; 5000               ; 5000               ;
; Number of Swept Nodes Reported in Synthesis Report               ; 5000               ; 5000               ;
; Number of Inverted Registers Reported in Synthesis Report        ; 100                ; 100                ;
; Clock MUX Protection                                             ; On                 ; On                 ;
; Auto Gated Clock Conversion                                      ; Off                ; Off                ;
; Block Design Naming                                              ; Auto               ; Auto               ;
; SDC constraint protection                                        ; Off                ; Off                ;
; Synthesis Effort                                                 ; Auto               ; Auto               ;
; Shift Register Replacement - Allow Asynchronous Clear Signal     ; On                 ; On                 ;
; Pre-Mapping Resynthesis Optimization                             ; Off                ; Off                ;
; Analysis & Synthesis Message Level                               ; Medium             ; Medium             ;
; Disable Register Merging Across Hierarchies                      ; Auto               ; Auto               ;
; Resource Aware Inference For Block RAM                           ; On                 ; On                 ;
+------------------------------------------------------------------+--------------------+--------------------+


+------------------------------------------+
; Parallel Compilation                     ;
+----------------------------+-------------+
; Processors                 ; Number      ;
+----------------------------+-------------+
; Number detected on machine ; 4           ;
; Maximum allowed            ; 2           ;
;                            ;             ;
; Average used               ; 1.00        ;
; Maximum used               ; 2           ;
;                            ;             ;
; Usage by Processor         ; % Time Used ;
;     Processor 1            ; 100.0%      ;
;     Processor 2            ;   0.0%      ;
+----------------------------+-------------+


+----------------------------------------------------------------------------------------------------------------------------------------------------------------------------------+
; Analysis & Synthesis Source Files Read                                                                                                                                           ;
+----------------------------------+-----------------+------------------------------------+------------------------------------------------------------------------------+---------+
; File Name with User-Entered Path ; Used in Netlist ; File Type                          ; File Name with Absolute Path                                                 ; Library ;
+----------------------------------+-----------------+------------------------------------+------------------------------------------------------------------------------+---------+
; Cross_correlation.bdf            ; yes             ; User Block Diagram/Schematic File  ; C:/Users/jeff7/Documents/HDL/Verilog/Cross_correlation/Cross_correlation.bdf ;         ;
; decoder.sv                       ; yes             ; Auto-Found SystemVerilog HDL File  ; C:/Users/jeff7/Documents/HDL/Verilog/Cross_correlation/decoder.sv            ;         ;
; cross_correlator.sv              ; yes             ; Auto-Found SystemVerilog HDL File  ; C:/Users/jeff7/Documents/HDL/Verilog/Cross_correlation/cross_correlator.sv   ;         ;
; shift_register.sv                ; yes             ; Auto-Found SystemVerilog HDL File  ; C:/Users/jeff7/Documents/HDL/Verilog/Cross_correlation/shift_register.sv     ;         ;
+----------------------------------+-----------------+------------------------------------+------------------------------------------------------------------------------+---------+


+-----------------------------------------------------------+
; Analysis & Synthesis Resource Usage Summary               ;
+---------------------------------------------+-------------+
; Resource                                    ; Usage       ;
+---------------------------------------------+-------------+
; Estimated Total logic elements              ; 122         ;
;                                             ;             ;
; Total combinational functions               ; 110         ;
; Logic element usage by number of LUT inputs ;             ;
;     -- 4 input functions                    ; 45          ;
;     -- 3 input functions                    ; 11          ;
;     -- <=2 input functions                  ; 54          ;
;                                             ;             ;
; Logic elements by mode                      ;             ;
;     -- normal mode                          ; 75          ;
;     -- arithmetic mode                      ; 35          ;
;                                             ;             ;
; Total registers                             ; 55          ;
;     -- Dedicated logic registers            ; 55          ;
;     -- I/O registers                        ; 0           ;
;                                             ;             ;
; I/O pins                                    ; 38          ;
;                                             ;             ;
; Embedded Multiplier 9-bit elements          ; 0           ;
;                                             ;             ;
; Maximum fan-out node                        ; clock~input ;
; Maximum fan-out                             ; 45          ;
; Total fan-out                               ; 507         ;
; Average fan-out                             ; 2.10        ;
+---------------------------------------------+-------------+


+---------------------------------------------------------------------------------------------------------------------------------------------------------------------------------------------------------------------------------------+
; Analysis & Synthesis Resource Utilization by Entity                                                                                                                                                                                   ;
+-----------------------------+---------------------+---------------------------+-------------+--------------+---------+-----------+------+--------------+-------------------------------------------+-------------------+--------------+
; Compilation Hierarchy Node  ; Combinational ALUTs ; Dedicated Logic Registers ; Memory Bits ; DSP Elements ; DSP 9x9 ; DSP 18x18 ; Pins ; Virtual Pins ; Full Hierarchy Name                       ; Entity Name       ; Library Name ;
+-----------------------------+---------------------+---------------------------+-------------+--------------+---------+-----------+------+--------------+-------------------------------------------+-------------------+--------------+
; |Cross_correlation          ; 110 (0)             ; 55 (0)                    ; 0           ; 0            ; 0       ; 0         ; 38   ; 0            ; |Cross_correlation                        ; Cross_correlation ; work         ;
;    |cross_correlator:inst3| ; 18 (18)             ; 10 (10)                   ; 0           ; 0            ; 0       ; 0         ; 0    ; 0            ; |Cross_correlation|cross_correlator:inst3 ; cross_correlator  ; work         ;
;    |decoder:inst4|          ; 3 (3)               ; 0 (0)                     ; 0           ; 0            ; 0       ; 0         ; 0    ; 0            ; |Cross_correlation|decoder:inst4          ; decoder           ; work         ;
;    |decoder:inst5|          ; 3 (3)               ; 0 (0)                     ; 0           ; 0            ; 0       ; 0         ; 0    ; 0            ; |Cross_correlation|decoder:inst5          ; decoder           ; work         ;
;    |decoder:inst6|          ; 3 (3)               ; 0 (0)                     ; 0           ; 0            ; 0       ; 0         ; 0    ; 0            ; |Cross_correlation|decoder:inst6          ; decoder           ; work         ;
;    |decoder:inst7|          ; 3 (3)               ; 0 (0)                     ; 0           ; 0            ; 0       ; 0         ; 0    ; 0            ; |Cross_correlation|decoder:inst7          ; decoder           ; work         ;
;    |decoder:inst8|          ; 3 (3)               ; 0 (0)                     ; 0           ; 0            ; 0       ; 0         ; 0    ; 0            ; |Cross_correlation|decoder:inst8          ; decoder           ; work         ;
;    |shift_register:inst1|   ; 77 (77)             ; 39 (39)                   ; 0           ; 0            ; 0       ; 0         ; 0    ; 0            ; |Cross_correlation|shift_register:inst1   ; shift_register    ; work         ;
;    |shift_register:inst2|   ; 0 (0)               ; 6 (6)                     ; 0           ; 0            ; 0       ; 0         ; 0    ; 0            ; |Cross_correlation|shift_register:inst2   ; shift_register    ; work         ;
+-----------------------------+---------------------+---------------------------+-------------+--------------+---------+-----------+------+--------------+-------------------------------------------+-------------------+--------------+
Note: For table entries with two numbers listed, the numbers in parentheses indicate the number of resources of the given type used by the specific entity alone. The numbers listed outside of parentheses indicate the total resources of the given type used by the specific entity and all of its sub-entities in the hierarchy.


+----------------------------------------------------------------------------------------+
; Registers Removed During Synthesis                                                     ;
+----------------------------------------+-----------------------------------------------+
; Register name                          ; Reason for Removal                            ;
+----------------------------------------+-----------------------------------------------+
; cross_correlator:inst3|out0[1]         ; Merged with cross_correlator:inst3|hold[0][1] ;
; cross_correlator:inst3|out0[0]         ; Merged with cross_correlator:inst3|hold[0][0] ;
; cross_correlator:inst3|out1[1]         ; Merged with cross_correlator:inst3|hold[1][1] ;
; cross_correlator:inst3|out1[0]         ; Merged with cross_correlator:inst3|hold[1][0] ;
; cross_correlator:inst3|out2[1]         ; Merged with cross_correlator:inst3|hold[2][1] ;
; cross_correlator:inst3|out2[0]         ; Merged with cross_correlator:inst3|hold[2][0] ;
; cross_correlator:inst3|out3[1]         ; Merged with cross_correlator:inst3|hold[3][1] ;
; cross_correlator:inst3|out3[0]         ; Merged with cross_correlator:inst3|hold[3][0] ;
; cross_correlator:inst3|out4[1]         ; Merged with cross_correlator:inst3|hold[4][1] ;
; cross_correlator:inst3|out4[0]         ; Merged with cross_correlator:inst3|hold[4][0] ;
; shift_register:inst2|i[31]             ; Merged with shift_register:inst1|i[31]        ;
; shift_register:inst2|i[30]             ; Merged with shift_register:inst1|i[30]        ;
; shift_register:inst2|i[29]             ; Merged with shift_register:inst1|i[29]        ;
; shift_register:inst2|i[28]             ; Merged with shift_register:inst1|i[28]        ;
; shift_register:inst2|i[27]             ; Merged with shift_register:inst1|i[27]        ;
; shift_register:inst2|i[26]             ; Merged with shift_register:inst1|i[26]        ;
; shift_register:inst2|i[25]             ; Merged with shift_register:inst1|i[25]        ;
; shift_register:inst2|i[24]             ; Merged with shift_register:inst1|i[24]        ;
; shift_register:inst2|i[23]             ; Merged with shift_register:inst1|i[23]        ;
; shift_register:inst2|i[22]             ; Merged with shift_register:inst1|i[22]        ;
; shift_register:inst2|i[21]             ; Merged with shift_register:inst1|i[21]        ;
; shift_register:inst2|i[20]             ; Merged with shift_register:inst1|i[20]        ;
; shift_register:inst2|i[19]             ; Merged with shift_register:inst1|i[19]        ;
; shift_register:inst2|i[18]             ; Merged with shift_register:inst1|i[18]        ;
; shift_register:inst2|i[17]             ; Merged with shift_register:inst1|i[17]        ;
; shift_register:inst2|i[16]             ; Merged with shift_register:inst1|i[16]        ;
; shift_register:inst2|i[15]             ; Merged with shift_register:inst1|i[15]        ;
; shift_register:inst2|i[14]             ; Merged with shift_register:inst1|i[14]        ;
; shift_register:inst2|i[13]             ; Merged with shift_register:inst1|i[13]        ;
; shift_register:inst2|i[12]             ; Merged with shift_register:inst1|i[12]        ;
; shift_register:inst2|i[11]             ; Merged with shift_register:inst1|i[11]        ;
; shift_register:inst2|i[10]             ; Merged with shift_register:inst1|i[10]        ;
; shift_register:inst2|i[9]              ; Merged with shift_register:inst1|i[9]         ;
; shift_register:inst2|i[8]              ; Merged with shift_register:inst1|i[8]         ;
; shift_register:inst2|i[7]              ; Merged with shift_register:inst1|i[7]         ;
; shift_register:inst2|i[6]              ; Merged with shift_register:inst1|i[6]         ;
; shift_register:inst2|i[5]              ; Merged with shift_register:inst1|i[5]         ;
; shift_register:inst2|i[4]              ; Merged with shift_register:inst1|i[4]         ;
; shift_register:inst2|i[3]              ; Merged with shift_register:inst1|i[3]         ;
; shift_register:inst2|i[2]              ; Merged with shift_register:inst1|i[2]         ;
; shift_register:inst2|i[1]              ; Merged with shift_register:inst1|i[1]         ;
; shift_register:inst2|i[0]              ; Merged with shift_register:inst1|i[0]         ;
; Total Number of Removed Registers = 42 ;                                               ;
+----------------------------------------+-----------------------------------------------+


+------------------------------------------------------+
; General Register Statistics                          ;
+----------------------------------------------+-------+
; Statistic                                    ; Value ;
+----------------------------------------------+-------+
; Total registers                              ; 55    ;
; Number of registers using Synchronous Clear  ; 0     ;
; Number of registers using Synchronous Load   ; 0     ;
; Number of registers using Asynchronous Clear ; 0     ;
; Number of registers using Asynchronous Load  ; 0     ;
; Number of registers using Clock Enable       ; 12    ;
; Number of registers using Preset             ; 0     ;
+----------------------------------------------+-------+


+--------------------------------------------------+
; Inverted Register Statistics                     ;
+----------------------------------------+---------+
; Inverted Register                      ; Fan out ;
+----------------------------------------+---------+
; shift_register:inst1|i[1]              ; 35      ;
; Total number of inverted registers = 1 ;         ;
+----------------------------------------+---------+


+-----------------------------------------------------+
; Post-Synthesis Netlist Statistics for Top Partition ;
+-----------------------+-----------------------------+
; Type                  ; Count                       ;
+-----------------------+-----------------------------+
; boundary_port         ; 38                          ;
; cycloneiii_ff         ; 55                          ;
;     ENA               ; 12                          ;
;     plain             ; 43                          ;
; cycloneiii_lcell_comb ; 131                         ;
;     arith             ; 35                          ;
;         2 data inputs ; 31                          ;
;         3 data inputs ; 4                           ;
;     normal            ; 96                          ;
;         0 data inputs ; 1                           ;
;         1 data inputs ; 24                          ;
;         2 data inputs ; 19                          ;
;         3 data inputs ; 7                           ;
;         4 data inputs ; 45                          ;
;                       ;                             ;
; Max LUT depth         ; 5.10                        ;
; Average LUT depth     ; 3.25                        ;
+-----------------------+-----------------------------+


+-------------------------------+
; Elapsed Time Per Partition    ;
+----------------+--------------+
; Partition Name ; Elapsed Time ;
+----------------+--------------+
; Top            ; 00:00:00     ;
+----------------+--------------+


+-------------------------------+
; Analysis & Synthesis Messages ;
+-------------------------------+
Info: *******************************************************************
Info: Running Quartus Prime Analysis & Synthesis
    Info: Version 19.1.0 Build 670 09/22/2019 SJ Lite Edition
    Info: Processing started: Sun Jun 21 15:14:54 2020
Info: Command: quartus_map --read_settings_files=on --write_settings_files=off Cross_correlation -c Cross_correlation
Warning (18236): Number of processors has not been specified which may cause overloading on shared machines.  Set the global assignment NUM_PARALLEL_PROCESSORS in your QSF to an appropriate value for best performance.
Info (20030): Parallel compilation is enabled and will use 2 of the 2 processors detected
Info (12021): Found 1 design units, including 1 entities, in source file cross_correlation.bdf
    Info (12023): Found entity 1: Cross_correlation
Info (12127): Elaborating entity "Cross_correlation" for the top level hierarchy
Warning (12125): Using design file decoder.sv, which is not specified as a design file for the current project, but contains definitions for 1 design units and 1 entities in project
    Info (12023): Found entity 1: decoder File: C:/Users/jeff7/Documents/HDL/Verilog/Cross_correlation/decoder.sv Line: 7
Info (12128): Elaborating entity "decoder" for hierarchy "decoder:inst4"
Warning (10240): Verilog HDL Always Construct warning at decoder.sv(12): inferring latch(es) for variable "display", which holds its previous value in one or more paths through the always construct File: C:/Users/jeff7/Documents/HDL/Verilog/Cross_correlation/decoder.sv Line: 12
Info (10041): Inferred latch for "display[0]" at decoder.sv(12) File: C:/Users/jeff7/Documents/HDL/Verilog/Cross_correlation/decoder.sv Line: 12
Info (10041): Inferred latch for "display[1]" at decoder.sv(12) File: C:/Users/jeff7/Documents/HDL/Verilog/Cross_correlation/decoder.sv Line: 12
Info (10041): Inferred latch for "display[2]" at decoder.sv(12) File: C:/Users/jeff7/Documents/HDL/Verilog/Cross_correlation/decoder.sv Line: 12
Info (10041): Inferred latch for "display[3]" at decoder.sv(12) File: C:/Users/jeff7/Documents/HDL/Verilog/Cross_correlation/decoder.sv Line: 12
Info (10041): Inferred latch for "display[4]" at decoder.sv(12) File: C:/Users/jeff7/Documents/HDL/Verilog/Cross_correlation/decoder.sv Line: 12
Info (10041): Inferred latch for "display[5]" at decoder.sv(12) File: C:/Users/jeff7/Documents/HDL/Verilog/Cross_correlation/decoder.sv Line: 12
Info (10041): Inferred latch for "display[6]" at decoder.sv(12) File: C:/Users/jeff7/Documents/HDL/Verilog/Cross_correlation/decoder.sv Line: 12
Warning (12125): Using design file cross_correlator.sv, which is not specified as a design file for the current project, but contains definitions for 1 design units and 1 entities in project
    Info (12023): Found entity 1: cross_correlator File: C:/Users/jeff7/Documents/HDL/Verilog/Cross_correlation/cross_correlator.sv Line: 8
Info (12128): Elaborating entity "cross_correlator" for hierarchy "cross_correlator:inst3"
Warning (12125): Using design file shift_register.sv, which is not specified as a design file for the current project, but contains definitions for 1 design units and 1 entities in project
    Info (12023): Found entity 1: shift_register File: C:/Users/jeff7/Documents/HDL/Verilog/Cross_correlation/shift_register.sv Line: 7
Info (12128): Elaborating entity "shift_register" for hierarchy "shift_register:inst1"
Warning (10175): Verilog HDL warning at shift_register.sv(17): ignoring unsupported system task File: C:/Users/jeff7/Documents/HDL/Verilog/Cross_correlation/shift_register.sv Line: 17
Warning (13024): Output pins are stuck at VCC or GND
    Warning (13410): Pin "display0[5]" is stuck at VCC
    Warning (13410): Pin "display1[5]" is stuck at VCC
    Warning (13410): Pin "display2[5]" is stuck at VCC
    Warning (13410): Pin "display3[5]" is stuck at VCC
    Warning (13410): Pin "display4[5]" is stuck at VCC
Info (286030): Timing-Driven Synthesis is running
Info (144001): Generated suppressed messages file C:/Users/jeff7/Documents/HDL/Verilog/Cross_correlation/output_files/Cross_correlation.map.smsg
Info (16010): Generating hard_block partition "hard_block:auto_generated_inst"
    Info (16011): Adding 0 node(s), including 0 DDIO, 0 PLL, 0 transceiver and 0 LCELL
Info (21057): Implemented 161 device resources after synthesis - the final resource count might be different
    Info (21058): Implemented 3 input pins
    Info (21059): Implemented 35 output pins
    Info (21061): Implemented 123 logic cells
Info: Quartus Prime Analysis & Synthesis was successful. 0 errors, 12 warnings
    Info: Peak virtual memory: 4746 megabytes
    Info: Processing ended: Sun Jun 21 15:15:08 2020
    Info: Elapsed time: 00:00:14
    Info: Total CPU time (on all processors): 00:00:28


+------------------------------------------+
; Analysis & Synthesis Suppressed Messages ;
+------------------------------------------+
The suppressed messages can be found in C:/Users/jeff7/Documents/HDL/Verilog/Cross_correlation/output_files/Cross_correlation.map.smsg.


